
Thanks for using JUnit! Support its development at https://junit.org/sponsoring

[36m╷[0m
[36m├─[0m [36mJUnit Jupiter[0m [32m✔[0m
[36m│  └─[0m [36mAttemptManagerTest[0m [32m✔[0m
[36m│     ├─[0m [31mverificarIntentoActivo_ThrowsExceptionIfActive()[0m [31m✘[0m [31mexpected: <Ya tienes un intento en curso.> but was: <El estudiante ya posee un intento activo en curso.>[0m
[36m│     └─[0m [34mverificarIntentoActivo_DoesNothingIfNoActive()[0m [32m✔[0m
[36m├─[0m [36mJUnit Vintage[0m [32m✔[0m
[36m└─[0m [36mJUnit Platform Suite[0m [32m✔[0m

Failures (1):
  JUnit Jupiter:AttemptManagerTest:verificarIntentoActivo_ThrowsExceptionIfActive()
    MethodSource [className = 'com.exam.domain.service.AttemptManagerTest', methodName = 'verificarIntentoActivo_ThrowsExceptionIfActive', methodParameterTypes = '']
    => org.opentest4j.AssertionFailedError: expected: <Ya tienes un intento en curso.> but was: <El estudiante ya posee un intento activo en curso.>
       org.junit.jupiter.api.AssertionFailureBuilder.build(AssertionFailureBuilder.java:151)
       org.junit.jupiter.api.AssertionFailureBuilder.buildAndThrow(AssertionFailureBuilder.java:132)
       org.junit.jupiter.api.AssertEquals.failNotEqual(AssertEquals.java:197)
       org.junit.jupiter.api.AssertEquals.assertEquals(AssertEquals.java:182)
       org.junit.jupiter.api.AssertEquals.assertEquals(AssertEquals.java:177)
       org.junit.jupiter.api.Assertions.assertEquals(Assertions.java:1145)
       com.exam.domain.service.AttemptManagerTest.verificarIntentoActivo_ThrowsExceptionIfActive(AttemptManagerTest.java:32)
       java.base/java.lang.reflect.Method.invoke(Method.java:580)
       java.base/java.util.ArrayList.forEach(ArrayList.java:1596)
       java.base/java.util.ArrayList.forEach(ArrayList.java:1596)

Test run finished after 129 ms
[         4 containers found      ]
[         0 containers skipped    ]
[         4 containers started    ]
[         0 containers aborted    ]
[         4 containers successful ]
[         0 containers failed     ]
[         2 tests found           ]
[         0 tests skipped         ]
[         2 tests started         ]
[         0 tests aborted         ]
[         1 tests successful      ]
[         1 tests failed          ]

